// Jest Snapshot v1, https://goo.gl/fbAQLP

exports[`Configuration should match snapshot of Configuration Component 1`] = `ShallowWrapper {}`;
