// Jest Snapshot v1, https://goo.gl/fbAQLP

exports[`Layout should match snapshot of Layout Component 1`] = `ShallowWrapper {}`;
