// Jest Snapshot v1, https://goo.gl/fbAQLP

exports[`App should match snapshot of App Component 1`] = `ShallowWrapper {}`;
