// Jest Snapshot v1, https://goo.gl/fbAQLP

exports[`Card Icon should match snapshot of CardIcon 1`] = `ShallowWrapper {}`;
