// Jest Snapshot v1, https://goo.gl/fbAQLP

exports[`Dashboard should match snapshot of Dashboard Component 1`] = `ShallowWrapper {}`;
