// Jest Snapshot v1, https://goo.gl/fbAQLP

exports[`Event Card should match snapshot of Events Card Component 1`] = `ShallowWrapper {}`;
