// Jest Snapshot v1, https://goo.gl/fbAQLP

exports[`Numbers Card should match snapshot of Numbers Card Component 1`] = `ShallowWrapper {}`;
